// Jest Snapshot v1, https://goo.gl/fbAQLP

exports[`PostCard.vue renders correctly 1`] = `
<div
  class="postcard select-none cursor-pointer bg-white border border-gray-200 dark:border-transparent dark:bg-ui-dark-300 mb-3"
  style="border-radius: 30px;"
>
  <div
    class="flex pt-4 px-4"
  >
    <div>
      <div
        class="rounded-full"
        style="width: 48px; height: 48px;"
      >
        <img
          alt="Image not found :("
          class="w-full h-full"
          src=""
          style="border-radius: inherit;"
        />
      </div>
    </div>
     
    <div
      class="flex items-stretch pl-3"
    >
      <span
        class="place-self-center"
      >
        <h5
          class="author-name leading-none text-base font-medium"
        >
          Angus Dolan
        </h5>
         
        <p
          class="author-username text-dark-low-emphasis dark:text-light-medium-emphasis text-sm"
        >
          @angus
        </p>
      </span>
    </div>
  </div>
   
  <div
    class="postcard__img rounded-xl my-3 mx-1 bg-cover h-80 bg-center"
    style="background-image: url();"
  />
   
  <div
    class="likebtn w-16 px-4 pt-2 pb-2"
  >
    <svg
      class="likebtn__unliked pointer-events-none text-dark-high-emphasis dark:text-light-high-emphasis h-7 w-7"
      fill="none"
      stroke="currentColor"
      viewBox="0 0 24 24"
      xmlns="http://www.w3.org/2000/svg"
    >
      <path
        d="M4.318 6.318a4.5 4.5 0 000 6.364L12 20.364l7.682-7.682a4.5 4.5 0 00-6.364-6.364L12 7.636l-1.318-1.318a4.5 4.5 0 00-6.364 0z"
        stroke-linecap="round"
        stroke-linejoin="round"
        stroke-width="1.5"
      />
    </svg>
  </div>
   
  <div
    class="px-4 pb-4"
  >
    <h5
      class="post-title leading-6 font-medium"
    >
      Classic Neapolitan Margherita
    </h5>
     
    <p
      class="post-date text-sm text-dark-low-emphasis dark:text-light-medium-emphasis font-medium"
    >
      Wed, 26 January 2021
    </p>
  </div>
</div>
`;
